// Jest Snapshot v1, https://goo.gl/fbAQLP

exports[`Core Test Lib json should match json 1`] = `
Object {
  "name": "Mike",
}
`;
